[0.761s] Invoking command in '/home/julian/WALL-E/ros2_ws/src/d2oc_algorithm': DEBUGINFOD_URLS=https://debuginfod.ubuntu.com PYTHONPATH=/home/julian/WALL-E/ros2_ws/build/d2oc_algorithm/prefix_override:/usr/lib/python3/dist-packages/colcon_core/task/python/colcon_distutils_commands:/home/julian/WALL-E/ros2_ws/install/d2oc_algorithm/lib/python3.12/site-packages:${PYTHONPATH} /usr/bin/python3 -W ignore:setup.py install is deprecated -W ignore:easy_install command is deprecated setup.py egg_info --egg-base ../../build/d2oc_algorithm build --build-base /home/julian/WALL-E/ros2_ws/build/d2oc_algorithm/build install --record /home/julian/WALL-E/ros2_ws/build/d2oc_algorithm/install.log --single-version-externally-managed install_data
[1.006s] running egg_info
[1.024s] writing ../../build/d2oc_algorithm/d2oc_algorithm.egg-info/PKG-INFO
[1.024s] writing dependency_links to ../../build/d2oc_algorithm/d2oc_algorithm.egg-info/dependency_links.txt
[1.025s] writing entry points to ../../build/d2oc_algorithm/d2oc_algorithm.egg-info/entry_points.txt
[1.025s] writing requirements to ../../build/d2oc_algorithm/d2oc_algorithm.egg-info/requires.txt
[1.025s] writing top-level names to ../../build/d2oc_algorithm/d2oc_algorithm.egg-info/top_level.txt
[1.061s] reading manifest file '../../build/d2oc_algorithm/d2oc_algorithm.egg-info/SOURCES.txt'
[1.061s] writing manifest file '../../build/d2oc_algorithm/d2oc_algorithm.egg-info/SOURCES.txt'
[1.062s] running build
[1.062s] running build_py
[1.062s] running install
[1.068s] running install_lib
[1.086s] running install_data
[1.087s] copying package.xml -> /home/julian/WALL-E/ros2_ws/install/d2oc_algorithm/share/d2oc_algorithm
[1.087s] running install_egg_info
[1.105s] removing '/home/julian/WALL-E/ros2_ws/install/d2oc_algorithm/lib/python3.12/site-packages/d2oc_algorithm-0.1.0-py3.12.egg-info' (and everything under it)
[1.106s] Copying ../../build/d2oc_algorithm/d2oc_algorithm.egg-info to /home/julian/WALL-E/ros2_ws/install/d2oc_algorithm/lib/python3.12/site-packages/d2oc_algorithm-0.1.0-py3.12.egg-info
[1.106s] running install_scripts
[1.229s] Installing d2oc script to /home/julian/WALL-E/ros2_ws/install/d2oc_algorithm/bin
[1.229s] writing list of installed files to '/home/julian/WALL-E/ros2_ws/build/d2oc_algorithm/install.log'
[1.266s] Invoked command in '/home/julian/WALL-E/ros2_ws/src/d2oc_algorithm' returned '0': DEBUGINFOD_URLS=https://debuginfod.ubuntu.com PYTHONPATH=/home/julian/WALL-E/ros2_ws/build/d2oc_algorithm/prefix_override:/usr/lib/python3/dist-packages/colcon_core/task/python/colcon_distutils_commands:/home/julian/WALL-E/ros2_ws/install/d2oc_algorithm/lib/python3.12/site-packages:${PYTHONPATH} /usr/bin/python3 -W ignore:setup.py install is deprecated -W ignore:easy_install command is deprecated setup.py egg_info --egg-base ../../build/d2oc_algorithm build --build-base /home/julian/WALL-E/ros2_ws/build/d2oc_algorithm/build install --record /home/julian/WALL-E/ros2_ws/build/d2oc_algorithm/install.log --single-version-externally-managed install_data
