[0.960s] Invoking command in '/home/julian/WALL-E/ros2_ws/src/robot_navigation': DEBUGINFOD_URLS=https://debuginfod.ubuntu.com PYTHONPATH=/home/julian/WALL-E/ros2_ws/build/robot_navigation/prefix_override:/usr/lib/python3/dist-packages/colcon_core/task/python/colcon_distutils_commands:/home/julian/WALL-E/ros2_ws/install/robot_navigation/lib/python3.12/site-packages:${PYTHONPATH} /usr/bin/python3 -W ignore:setup.py install is deprecated -W ignore:easy_install command is deprecated setup.py egg_info --egg-base ../../build/robot_navigation build --build-base /home/julian/WALL-E/ros2_ws/build/robot_navigation/build install --record /home/julian/WALL-E/ros2_ws/build/robot_navigation/install.log --single-version-externally-managed install_data
[1.214s] running egg_info
[1.215s] creating ../../build/robot_navigation/robot_navigation.egg-info
[1.233s] writing ../../build/robot_navigation/robot_navigation.egg-info/PKG-INFO
[1.233s] writing dependency_links to ../../build/robot_navigation/robot_navigation.egg-info/dependency_links.txt
[1.234s] writing requirements to ../../build/robot_navigation/robot_navigation.egg-info/requires.txt
[1.234s] writing top-level names to ../../build/robot_navigation/robot_navigation.egg-info/top_level.txt
[1.234s] writing manifest file '../../build/robot_navigation/robot_navigation.egg-info/SOURCES.txt'
[1.272s] reading manifest file '../../build/robot_navigation/robot_navigation.egg-info/SOURCES.txt'
[1.273s] writing manifest file '../../build/robot_navigation/robot_navigation.egg-info/SOURCES.txt'
[1.273s] running build
[1.273s] running build_py
[1.274s] creating /home/julian/WALL-E/ros2_ws/build/robot_navigation/build
[1.274s] creating /home/julian/WALL-E/ros2_ws/build/robot_navigation/build/lib
[1.274s] creating /home/julian/WALL-E/ros2_ws/build/robot_navigation/build/lib/robot_navigation
[1.274s] copying robot_navigation/__init__.py -> /home/julian/WALL-E/ros2_ws/build/robot_navigation/build/lib/robot_navigation
[1.274s] running install
[1.281s] running install_lib
[1.300s] creating /home/julian/WALL-E/ros2_ws/install/robot_navigation/lib/python3.12/site-packages/robot_navigation
[1.300s] copying /home/julian/WALL-E/ros2_ws/build/robot_navigation/build/lib/robot_navigation/__init__.py -> /home/julian/WALL-E/ros2_ws/install/robot_navigation/lib/python3.12/site-packages/robot_navigation
[1.301s] byte-compiling /home/julian/WALL-E/ros2_ws/install/robot_navigation/lib/python3.12/site-packages/robot_navigation/__init__.py to __init__.cpython-312.pyc
[1.301s] running install_data
[1.301s] creating /home/julian/WALL-E/ros2_ws/install/robot_navigation/share/ament_index
[1.302s] creating /home/julian/WALL-E/ros2_ws/install/robot_navigation/share/ament_index/resource_index
[1.302s] creating /home/julian/WALL-E/ros2_ws/install/robot_navigation/share/ament_index/resource_index/packages
[1.302s] copying resource/robot_navigation -> /home/julian/WALL-E/ros2_ws/install/robot_navigation/share/ament_index/resource_index/packages
[1.302s] copying package.xml -> /home/julian/WALL-E/ros2_ws/install/robot_navigation/share/robot_navigation
[1.302s] creating /home/julian/WALL-E/ros2_ws/install/robot_navigation/share/robot_navigation/launch
[1.302s] copying launch/dual_ekf_navsat.launch.py -> /home/julian/WALL-E/ros2_ws/install/robot_navigation/share/robot_navigation/launch
[1.302s] copying launch/gps_waypoint_follower.launch.py -> /home/julian/WALL-E/ros2_ws/install/robot_navigation/share/robot_navigation/launch
[1.302s] creating /home/julian/WALL-E/ros2_ws/install/robot_navigation/share/robot_navigation/config
[1.302s] copying config/nav2_no_map_params.yaml -> /home/julian/WALL-E/ros2_ws/install/robot_navigation/share/robot_navigation/config
[1.303s] copying config/dual_ekf_navsat_params.yaml -> /home/julian/WALL-E/ros2_ws/install/robot_navigation/share/robot_navigation/config
[1.303s] copying config/twist_mux.yaml -> /home/julian/WALL-E/ros2_ws/install/robot_navigation/share/robot_navigation/config
[1.303s] running install_egg_info
[1.324s] Copying ../../build/robot_navigation/robot_navigation.egg-info to /home/julian/WALL-E/ros2_ws/install/robot_navigation/lib/python3.12/site-packages/robot_navigation-0.0.0-py3.12.egg-info
[1.325s] running install_scripts
[1.460s] writing list of installed files to '/home/julian/WALL-E/ros2_ws/build/robot_navigation/install.log'
[1.498s] Invoked command in '/home/julian/WALL-E/ros2_ws/src/robot_navigation' returned '0': DEBUGINFOD_URLS=https://debuginfod.ubuntu.com PYTHONPATH=/home/julian/WALL-E/ros2_ws/build/robot_navigation/prefix_override:/usr/lib/python3/dist-packages/colcon_core/task/python/colcon_distutils_commands:/home/julian/WALL-E/ros2_ws/install/robot_navigation/lib/python3.12/site-packages:${PYTHONPATH} /usr/bin/python3 -W ignore:setup.py install is deprecated -W ignore:easy_install command is deprecated setup.py egg_info --egg-base ../../build/robot_navigation build --build-base /home/julian/WALL-E/ros2_ws/build/robot_navigation/build install --record /home/julian/WALL-E/ros2_ws/build/robot_navigation/install.log --single-version-externally-managed install_data
