running egg_info
creating ../../build/d2oc_algorithm/d2oc_algorithm.egg-info
writing ../../build/d2oc_algorithm/d2oc_algorithm.egg-info/PKG-INFO
writing dependency_links to ../../build/d2oc_algorithm/d2oc_algorithm.egg-info/dependency_links.txt
writing entry points to ../../build/d2oc_algorithm/d2oc_algorithm.egg-info/entry_points.txt
writing requirements to ../../build/d2oc_algorithm/d2oc_algorithm.egg-info/requires.txt
writing top-level names to ../../build/d2oc_algorithm/d2oc_algorithm.egg-info/top_level.txt
writing manifest file '../../build/d2oc_algorithm/d2oc_algorithm.egg-info/SOURCES.txt'
reading manifest file '../../build/d2oc_algorithm/d2oc_algorithm.egg-info/SOURCES.txt'
writing manifest file '../../build/d2oc_algorithm/d2oc_algorithm.egg-info/SOURCES.txt'
running build
running build_py
creating /home/julian/WALL-E/ros2_ws/build/d2oc_algorithm/build
creating /home/julian/WALL-E/ros2_ws/build/d2oc_algorithm/build/lib
creating /home/julian/WALL-E/ros2_ws/build/d2oc_algorithm/build/lib/d2oc_algorithm
copying d2oc_algorithm/d2oc_node.py -> /home/julian/WALL-E/ros2_ws/build/d2oc_algorithm/build/lib/d2oc_algorithm
copying d2oc_algorithm/density_map.py -> /home/julian/WALL-E/ros2_ws/build/d2oc_algorithm/build/lib/d2oc_algorithm
copying d2oc_algorithm/d2oc_algorithm.py -> /home/julian/WALL-E/ros2_ws/build/d2oc_algorithm/build/lib/d2oc_algorithm
copying d2oc_algorithm/__init__.py -> /home/julian/WALL-E/ros2_ws/build/d2oc_algorithm/build/lib/d2oc_algorithm
copying d2oc_algorithm/entropy_calculator.py -> /home/julian/WALL-E/ros2_ws/build/d2oc_algorithm/build/lib/d2oc_algorithm
running install
error: error in setup.cfg: command 'install' has no such option 'script_dir'
