[0.798s] Invoking command in '/home/julian/WALL-E/ros2_ws/src/d2oc_algorithm': DEBUGINFOD_URLS=https://debuginfod.ubuntu.com PYTHONPATH=/home/julian/WALL-E/ros2_ws/build/d2oc_algorithm/prefix_override:/usr/lib/python3/dist-packages/colcon_core/task/python/colcon_distutils_commands:/home/julian/WALL-E/ros2_ws/install/d2oc_algorithm/lib/python3.12/site-packages:${PYTHONPATH} /usr/bin/python3 -W ignore:setup.py install is deprecated -W ignore:easy_install command is deprecated setup.py egg_info --egg-base ../../build/d2oc_algorithm build --build-base /home/julian/WALL-E/ros2_ws/build/d2oc_algorithm/build install --record /home/julian/WALL-E/ros2_ws/build/d2oc_algorithm/install.log --single-version-externally-managed install_data
[1.050s] running egg_info
[1.050s] creating ../../build/d2oc_algorithm/d2oc_algorithm.egg-info
[1.068s] writing ../../build/d2oc_algorithm/d2oc_algorithm.egg-info/PKG-INFO
[1.069s] writing dependency_links to ../../build/d2oc_algorithm/d2oc_algorithm.egg-info/dependency_links.txt
[1.069s] writing entry points to ../../build/d2oc_algorithm/d2oc_algorithm.egg-info/entry_points.txt
[1.069s] writing requirements to ../../build/d2oc_algorithm/d2oc_algorithm.egg-info/requires.txt
[1.070s] writing top-level names to ../../build/d2oc_algorithm/d2oc_algorithm.egg-info/top_level.txt
[1.070s] writing manifest file '../../build/d2oc_algorithm/d2oc_algorithm.egg-info/SOURCES.txt'
[1.106s] reading manifest file '../../build/d2oc_algorithm/d2oc_algorithm.egg-info/SOURCES.txt'
[1.106s] writing manifest file '../../build/d2oc_algorithm/d2oc_algorithm.egg-info/SOURCES.txt'
[1.107s] running build
[1.107s] running build_py
[1.107s] creating /home/julian/WALL-E/ros2_ws/build/d2oc_algorithm/build
[1.107s] creating /home/julian/WALL-E/ros2_ws/build/d2oc_algorithm/build/lib
[1.107s] creating /home/julian/WALL-E/ros2_ws/build/d2oc_algorithm/build/lib/d2oc_algorithm
[1.107s] copying d2oc_algorithm/d2oc_node.py -> /home/julian/WALL-E/ros2_ws/build/d2oc_algorithm/build/lib/d2oc_algorithm
[1.108s] copying d2oc_algorithm/density_map.py -> /home/julian/WALL-E/ros2_ws/build/d2oc_algorithm/build/lib/d2oc_algorithm
[1.108s] copying d2oc_algorithm/d2oc_algorithm.py -> /home/julian/WALL-E/ros2_ws/build/d2oc_algorithm/build/lib/d2oc_algorithm
[1.108s] copying d2oc_algorithm/__init__.py -> /home/julian/WALL-E/ros2_ws/build/d2oc_algorithm/build/lib/d2oc_algorithm
[1.108s] copying d2oc_algorithm/entropy_calculator.py -> /home/julian/WALL-E/ros2_ws/build/d2oc_algorithm/build/lib/d2oc_algorithm
[1.108s] running install
[1.108s] error: error in setup.cfg: command 'install' has no such option 'script_dir'
[1.133s] Invoked command in '/home/julian/WALL-E/ros2_ws/src/d2oc_algorithm' returned '1': DEBUGINFOD_URLS=https://debuginfod.ubuntu.com PYTHONPATH=/home/julian/WALL-E/ros2_ws/build/d2oc_algorithm/prefix_override:/usr/lib/python3/dist-packages/colcon_core/task/python/colcon_distutils_commands:/home/julian/WALL-E/ros2_ws/install/d2oc_algorithm/lib/python3.12/site-packages:${PYTHONPATH} /usr/bin/python3 -W ignore:setup.py install is deprecated -W ignore:easy_install command is deprecated setup.py egg_info --egg-base ../../build/d2oc_algorithm build --build-base /home/julian/WALL-E/ros2_ws/build/d2oc_algorithm/build install --record /home/julian/WALL-E/ros2_ws/build/d2oc_algorithm/install.log --single-version-externally-managed install_data
