[0.803s] Invoking command in '/home/julian/WALL-E/ros2_ws/src/d2oc_algorithm': DEBUGINFOD_URLS=https://debuginfod.ubuntu.com PYTHONPATH=/home/julian/WALL-E/ros2_ws/build/d2oc_algorithm/prefix_override:/usr/lib/python3/dist-packages/colcon_core/task/python/colcon_distutils_commands:/home/julian/WALL-E/ros2_ws/install/d2oc_algorithm/lib/python3.12/site-packages:${PYTHONPATH} /usr/bin/python3 -W ignore:setup.py install is deprecated -W ignore:easy_install command is deprecated setup.py egg_info --egg-base ../../build/d2oc_algorithm build --build-base /home/julian/WALL-E/ros2_ws/build/d2oc_algorithm/build install --record /home/julian/WALL-E/ros2_ws/build/d2oc_algorithm/install.log --single-version-externally-managed install_data
[1.058s] running egg_info
[1.058s] creating ../../build/d2oc_algorithm/d2oc_algorithm.egg-info
[1.077s] writing ../../build/d2oc_algorithm/d2oc_algorithm.egg-info/PKG-INFO
[1.077s] writing dependency_links to ../../build/d2oc_algorithm/d2oc_algorithm.egg-info/dependency_links.txt
[1.077s] writing entry points to ../../build/d2oc_algorithm/d2oc_algorithm.egg-info/entry_points.txt
[1.077s] writing requirements to ../../build/d2oc_algorithm/d2oc_algorithm.egg-info/requires.txt
[1.077s] writing top-level names to ../../build/d2oc_algorithm/d2oc_algorithm.egg-info/top_level.txt
[1.078s] writing manifest file '../../build/d2oc_algorithm/d2oc_algorithm.egg-info/SOURCES.txt'
[1.115s] reading manifest file '../../build/d2oc_algorithm/d2oc_algorithm.egg-info/SOURCES.txt'
[1.115s] writing manifest file '../../build/d2oc_algorithm/d2oc_algorithm.egg-info/SOURCES.txt'
[1.116s] running build
[1.116s] running build_py
[1.116s] creating /home/julian/WALL-E/ros2_ws/build/d2oc_algorithm/build
[1.116s] creating /home/julian/WALL-E/ros2_ws/build/d2oc_algorithm/build/lib
[1.116s] creating /home/julian/WALL-E/ros2_ws/build/d2oc_algorithm/build/lib/d2oc_algorithm
[1.116s] copying d2oc_algorithm/d2oc_node.py -> /home/julian/WALL-E/ros2_ws/build/d2oc_algorithm/build/lib/d2oc_algorithm
[1.117s] copying d2oc_algorithm/density_map.py -> /home/julian/WALL-E/ros2_ws/build/d2oc_algorithm/build/lib/d2oc_algorithm
[1.117s] copying d2oc_algorithm/d2oc_algorithm.py -> /home/julian/WALL-E/ros2_ws/build/d2oc_algorithm/build/lib/d2oc_algorithm
[1.117s] copying d2oc_algorithm/__init__.py -> /home/julian/WALL-E/ros2_ws/build/d2oc_algorithm/build/lib/d2oc_algorithm
[1.117s] copying d2oc_algorithm/entropy_calculator.py -> /home/julian/WALL-E/ros2_ws/build/d2oc_algorithm/build/lib/d2oc_algorithm
[1.117s] running install
[1.123s] running install_lib
[1.142s] creating /home/julian/WALL-E/ros2_ws/install/d2oc_algorithm/lib/python3.12/site-packages/d2oc_algorithm
[1.142s] copying /home/julian/WALL-E/ros2_ws/build/d2oc_algorithm/build/lib/d2oc_algorithm/d2oc_node.py -> /home/julian/WALL-E/ros2_ws/install/d2oc_algorithm/lib/python3.12/site-packages/d2oc_algorithm
[1.142s] copying /home/julian/WALL-E/ros2_ws/build/d2oc_algorithm/build/lib/d2oc_algorithm/density_map.py -> /home/julian/WALL-E/ros2_ws/install/d2oc_algorithm/lib/python3.12/site-packages/d2oc_algorithm
[1.142s] copying /home/julian/WALL-E/ros2_ws/build/d2oc_algorithm/build/lib/d2oc_algorithm/d2oc_algorithm.py -> /home/julian/WALL-E/ros2_ws/install/d2oc_algorithm/lib/python3.12/site-packages/d2oc_algorithm
[1.142s] copying /home/julian/WALL-E/ros2_ws/build/d2oc_algorithm/build/lib/d2oc_algorithm/__init__.py -> /home/julian/WALL-E/ros2_ws/install/d2oc_algorithm/lib/python3.12/site-packages/d2oc_algorithm
[1.143s] copying /home/julian/WALL-E/ros2_ws/build/d2oc_algorithm/build/lib/d2oc_algorithm/entropy_calculator.py -> /home/julian/WALL-E/ros2_ws/install/d2oc_algorithm/lib/python3.12/site-packages/d2oc_algorithm
[1.143s] byte-compiling /home/julian/WALL-E/ros2_ws/install/d2oc_algorithm/lib/python3.12/site-packages/d2oc_algorithm/d2oc_node.py to d2oc_node.cpython-312.pyc
[1.144s] byte-compiling /home/julian/WALL-E/ros2_ws/install/d2oc_algorithm/lib/python3.12/site-packages/d2oc_algorithm/density_map.py to density_map.cpython-312.pyc
[1.146s] byte-compiling /home/julian/WALL-E/ros2_ws/install/d2oc_algorithm/lib/python3.12/site-packages/d2oc_algorithm/d2oc_algorithm.py to d2oc_algorithm.cpython-312.pyc
[1.147s] byte-compiling /home/julian/WALL-E/ros2_ws/install/d2oc_algorithm/lib/python3.12/site-packages/d2oc_algorithm/__init__.py to __init__.cpython-312.pyc
[1.147s] byte-compiling /home/julian/WALL-E/ros2_ws/install/d2oc_algorithm/lib/python3.12/site-packages/d2oc_algorithm/entropy_calculator.py to entropy_calculator.cpython-312.pyc
[1.148s] running install_data
[1.149s] creating /home/julian/WALL-E/ros2_ws/install/d2oc_algorithm/share/ament_index
[1.149s] creating /home/julian/WALL-E/ros2_ws/install/d2oc_algorithm/share/ament_index/resource_index
[1.149s] creating /home/julian/WALL-E/ros2_ws/install/d2oc_algorithm/share/ament_index/resource_index/packages
[1.149s] copying resource/d2oc_algorithm -> /home/julian/WALL-E/ros2_ws/install/d2oc_algorithm/share/ament_index/resource_index/packages
[1.149s] copying package.xml -> /home/julian/WALL-E/ros2_ws/install/d2oc_algorithm/share/d2oc_algorithm
[1.149s] creating /home/julian/WALL-E/ros2_ws/install/d2oc_algorithm/share/d2oc_algorithm/launch
[1.149s] copying launch/d2oc.launch.py -> /home/julian/WALL-E/ros2_ws/install/d2oc_algorithm/share/d2oc_algorithm/launch
[1.149s] creating /home/julian/WALL-E/ros2_ws/install/d2oc_algorithm/share/d2oc_algorithm/config
[1.149s] copying config/d2oc_params.yaml -> /home/julian/WALL-E/ros2_ws/install/d2oc_algorithm/share/d2oc_algorithm/config
[1.149s] running install_egg_info
[1.169s] Copying ../../build/d2oc_algorithm/d2oc_algorithm.egg-info to /home/julian/WALL-E/ros2_ws/install/d2oc_algorithm/lib/python3.12/site-packages/d2oc_algorithm-0.1.0-py3.12.egg-info
[1.170s] running install_scripts
[1.303s] Installing d2oc script to /home/julian/WALL-E/ros2_ws/install/d2oc_algorithm/bin
[1.303s] writing list of installed files to '/home/julian/WALL-E/ros2_ws/build/d2oc_algorithm/install.log'
[1.341s] Invoked command in '/home/julian/WALL-E/ros2_ws/src/d2oc_algorithm' returned '0': DEBUGINFOD_URLS=https://debuginfod.ubuntu.com PYTHONPATH=/home/julian/WALL-E/ros2_ws/build/d2oc_algorithm/prefix_override:/usr/lib/python3/dist-packages/colcon_core/task/python/colcon_distutils_commands:/home/julian/WALL-E/ros2_ws/install/d2oc_algorithm/lib/python3.12/site-packages:${PYTHONPATH} /usr/bin/python3 -W ignore:setup.py install is deprecated -W ignore:easy_install command is deprecated setup.py egg_info --egg-base ../../build/d2oc_algorithm build --build-base /home/julian/WALL-E/ros2_ws/build/d2oc_algorithm/build install --record /home/julian/WALL-E/ros2_ws/build/d2oc_algorithm/install.log --single-version-externally-managed install_data
