/usr/lib/python3/dist-packages/setuptools/dist.py:744: SetuptoolsDeprecationWarning: Invalid dash-separated options
!!

        ********************************************************************************
        Usage of dash-separated 'script-dir' will not be supported in future
        versions. Please use the underscore name 'script_dir' instead.

        This deprecation is overdue, please update your project and remove deprecated
        calls to avoid build errors in the future.

        See https://setuptools.pypa.io/en/latest/userguide/declarative_config.html for details.
        ********************************************************************************

!!
  opt = self.warn_dash_deprecation(opt, section)
running egg_info
writing ../../build/d2oc_algorithm/d2oc_algorithm.egg-info/PKG-INFO
writing dependency_links to ../../build/d2oc_algorithm/d2oc_algorithm.egg-info/dependency_links.txt
writing entry points to ../../build/d2oc_algorithm/d2oc_algorithm.egg-info/entry_points.txt
writing requirements to ../../build/d2oc_algorithm/d2oc_algorithm.egg-info/requires.txt
writing top-level names to ../../build/d2oc_algorithm/d2oc_algorithm.egg-info/top_level.txt
reading manifest file '../../build/d2oc_algorithm/d2oc_algorithm.egg-info/SOURCES.txt'
writing manifest file '../../build/d2oc_algorithm/d2oc_algorithm.egg-info/SOURCES.txt'
running build
running build_py
running install
error: error in setup.cfg: command 'install' has no such option 'script_dir'
