[0.807s] Invoking command in '/home/julian/WALL-E/ros2_ws/src/d2oc_algorithm': DEBUGINFOD_URLS=https://debuginfod.ubuntu.com PYTHONPATH=/home/julian/WALL-E/ros2_ws/build/d2oc_algorithm/prefix_override:/usr/lib/python3/dist-packages/colcon_core/task/python/colcon_distutils_commands:/home/julian/WALL-E/ros2_ws/install/d2oc_algorithm/lib/python3.12/site-packages:${PYTHONPATH} /usr/bin/python3 -W ignore:setup.py install is deprecated -W ignore:easy_install command is deprecated setup.py egg_info --egg-base ../../build/d2oc_algorithm build --build-base /home/julian/WALL-E/ros2_ws/build/d2oc_algorithm/build install --record /home/julian/WALL-E/ros2_ws/build/d2oc_algorithm/install.log --single-version-externally-managed install_data
[0.938s] /usr/lib/python3/dist-packages/setuptools/dist.py:744: SetuptoolsDeprecationWarning: Invalid dash-separated options
[0.939s] !!
[0.939s] 
[0.939s]         ********************************************************************************
[0.939s]         Usage of dash-separated 'script-dir' will not be supported in future
[0.939s]         versions. Please use the underscore name 'script_dir' instead.
[0.939s] 
[0.939s]         This deprecation is overdue, please update your project and remove deprecated
[0.939s]         calls to avoid build errors in the future.
[0.939s] 
[0.939s]         See https://setuptools.pypa.io/en/latest/userguide/declarative_config.html for details.
[0.939s]         ********************************************************************************
[0.939s] 
[0.939s] !!
[0.940s]   opt = self.warn_dash_deprecation(opt, section)
[1.075s] running egg_info
[1.094s] writing ../../build/d2oc_algorithm/d2oc_algorithm.egg-info/PKG-INFO
[1.094s] writing dependency_links to ../../build/d2oc_algorithm/d2oc_algorithm.egg-info/dependency_links.txt
[1.094s] writing entry points to ../../build/d2oc_algorithm/d2oc_algorithm.egg-info/entry_points.txt
[1.094s] writing requirements to ../../build/d2oc_algorithm/d2oc_algorithm.egg-info/requires.txt
[1.095s] writing top-level names to ../../build/d2oc_algorithm/d2oc_algorithm.egg-info/top_level.txt
[1.132s] reading manifest file '../../build/d2oc_algorithm/d2oc_algorithm.egg-info/SOURCES.txt'
[1.133s] writing manifest file '../../build/d2oc_algorithm/d2oc_algorithm.egg-info/SOURCES.txt'
[1.133s] running build
[1.133s] running build_py
[1.134s] running install
[1.134s] error: error in setup.cfg: command 'install' has no such option 'script_dir'
[1.161s] Invoked command in '/home/julian/WALL-E/ros2_ws/src/d2oc_algorithm' returned '1': DEBUGINFOD_URLS=https://debuginfod.ubuntu.com PYTHONPATH=/home/julian/WALL-E/ros2_ws/build/d2oc_algorithm/prefix_override:/usr/lib/python3/dist-packages/colcon_core/task/python/colcon_distutils_commands:/home/julian/WALL-E/ros2_ws/install/d2oc_algorithm/lib/python3.12/site-packages:${PYTHONPATH} /usr/bin/python3 -W ignore:setup.py install is deprecated -W ignore:easy_install command is deprecated setup.py egg_info --egg-base ../../build/d2oc_algorithm build --build-base /home/julian/WALL-E/ros2_ws/build/d2oc_algorithm/build install --record /home/julian/WALL-E/ros2_ws/build/d2oc_algorithm/install.log --single-version-externally-managed install_data
