running egg_info
writing ../../build/d2oc_algorithm/d2oc_algorithm.egg-info/PKG-INFO
writing dependency_links to ../../build/d2oc_algorithm/d2oc_algorithm.egg-info/dependency_links.txt
writing entry points to ../../build/d2oc_algorithm/d2oc_algorithm.egg-info/entry_points.txt
writing requirements to ../../build/d2oc_algorithm/d2oc_algorithm.egg-info/requires.txt
writing top-level names to ../../build/d2oc_algorithm/d2oc_algorithm.egg-info/top_level.txt
reading manifest file '../../build/d2oc_algorithm/d2oc_algorithm.egg-info/SOURCES.txt'
writing manifest file '../../build/d2oc_algorithm/d2oc_algorithm.egg-info/SOURCES.txt'
running build
running build_py
running install
running install_lib
creating /home/julian/WALL-E/ros2_ws/install/d2oc_algorithm/lib/python3.12/site-packages/d2oc_algorithm
copying /home/julian/WALL-E/ros2_ws/build/d2oc_algorithm/build/lib/d2oc_algorithm/d2oc_node.py -> /home/julian/WALL-E/ros2_ws/install/d2oc_algorithm/lib/python3.12/site-packages/d2oc_algorithm
copying /home/julian/WALL-E/ros2_ws/build/d2oc_algorithm/build/lib/d2oc_algorithm/density_map.py -> /home/julian/WALL-E/ros2_ws/install/d2oc_algorithm/lib/python3.12/site-packages/d2oc_algorithm
copying /home/julian/WALL-E/ros2_ws/build/d2oc_algorithm/build/lib/d2oc_algorithm/d2oc_algorithm.py -> /home/julian/WALL-E/ros2_ws/install/d2oc_algorithm/lib/python3.12/site-packages/d2oc_algorithm
copying /home/julian/WALL-E/ros2_ws/build/d2oc_algorithm/build/lib/d2oc_algorithm/__init__.py -> /home/julian/WALL-E/ros2_ws/install/d2oc_algorithm/lib/python3.12/site-packages/d2oc_algorithm
copying /home/julian/WALL-E/ros2_ws/build/d2oc_algorithm/build/lib/d2oc_algorithm/entropy_calculator.py -> /home/julian/WALL-E/ros2_ws/install/d2oc_algorithm/lib/python3.12/site-packages/d2oc_algorithm
byte-compiling /home/julian/WALL-E/ros2_ws/install/d2oc_algorithm/lib/python3.12/site-packages/d2oc_algorithm/d2oc_node.py to d2oc_node.cpython-312.pyc
byte-compiling /home/julian/WALL-E/ros2_ws/install/d2oc_algorithm/lib/python3.12/site-packages/d2oc_algorithm/density_map.py to density_map.cpython-312.pyc
byte-compiling /home/julian/WALL-E/ros2_ws/install/d2oc_algorithm/lib/python3.12/site-packages/d2oc_algorithm/d2oc_algorithm.py to d2oc_algorithm.cpython-312.pyc
byte-compiling /home/julian/WALL-E/ros2_ws/install/d2oc_algorithm/lib/python3.12/site-packages/d2oc_algorithm/__init__.py to __init__.cpython-312.pyc
byte-compiling /home/julian/WALL-E/ros2_ws/install/d2oc_algorithm/lib/python3.12/site-packages/d2oc_algorithm/entropy_calculator.py to entropy_calculator.cpython-312.pyc
running install_data
creating /home/julian/WALL-E/ros2_ws/install/d2oc_algorithm/share/ament_index
creating /home/julian/WALL-E/ros2_ws/install/d2oc_algorithm/share/ament_index/resource_index
creating /home/julian/WALL-E/ros2_ws/install/d2oc_algorithm/share/ament_index/resource_index/packages
copying resource/d2oc_algorithm -> /home/julian/WALL-E/ros2_ws/install/d2oc_algorithm/share/ament_index/resource_index/packages
copying package.xml -> /home/julian/WALL-E/ros2_ws/install/d2oc_algorithm/share/d2oc_algorithm
creating /home/julian/WALL-E/ros2_ws/install/d2oc_algorithm/share/d2oc_algorithm/launch
copying launch/d2oc.launch.py -> /home/julian/WALL-E/ros2_ws/install/d2oc_algorithm/share/d2oc_algorithm/launch
creating /home/julian/WALL-E/ros2_ws/install/d2oc_algorithm/share/d2oc_algorithm/config
copying config/d2oc_params.yaml -> /home/julian/WALL-E/ros2_ws/install/d2oc_algorithm/share/d2oc_algorithm/config
running install_egg_info
Copying ../../build/d2oc_algorithm/d2oc_algorithm.egg-info to /home/julian/WALL-E/ros2_ws/install/d2oc_algorithm/lib/python3.12/site-packages/d2oc_algorithm-0.1.0-py3.12.egg-info
running install_scripts
Installing d2oc script to /home/julian/WALL-E/ros2_ws/install/d2oc_algorithm/bin
writing list of installed files to '/home/julian/WALL-E/ros2_ws/build/d2oc_algorithm/install.log'
