[0.813s] Invoking command in '/home/julian/WALL-E/ros2_ws/src/d2oc_algorithm': DEBUGINFOD_URLS=https://debuginfod.ubuntu.com PYTHONPATH=/home/julian/WALL-E/ros2_ws/build/d2oc_algorithm/prefix_override:/usr/lib/python3/dist-packages/colcon_core/task/python/colcon_distutils_commands:/home/julian/WALL-E/ros2_ws/install/d2oc_algorithm/lib/python3.12/site-packages:${PYTHONPATH} /usr/bin/python3 -W ignore:setup.py install is deprecated -W ignore:easy_install command is deprecated setup.py egg_info --egg-base ../../build/d2oc_algorithm build --build-base /home/julian/WALL-E/ros2_ws/build/d2oc_algorithm/build install --record /home/julian/WALL-E/ros2_ws/build/d2oc_algorithm/install.log --single-version-externally-managed install_data
[1.068s] running egg_info
[1.087s] writing ../../build/d2oc_algorithm/d2oc_algorithm.egg-info/PKG-INFO
[1.088s] writing dependency_links to ../../build/d2oc_algorithm/d2oc_algorithm.egg-info/dependency_links.txt
[1.088s] writing entry points to ../../build/d2oc_algorithm/d2oc_algorithm.egg-info/entry_points.txt
[1.088s] writing requirements to ../../build/d2oc_algorithm/d2oc_algorithm.egg-info/requires.txt
[1.088s] writing top-level names to ../../build/d2oc_algorithm/d2oc_algorithm.egg-info/top_level.txt
[1.126s] reading manifest file '../../build/d2oc_algorithm/d2oc_algorithm.egg-info/SOURCES.txt'
[1.126s] writing manifest file '../../build/d2oc_algorithm/d2oc_algorithm.egg-info/SOURCES.txt'
[1.127s] running build
[1.127s] running build_py
[1.127s] running install
[1.134s] running install_lib
[1.153s] creating /home/julian/WALL-E/ros2_ws/install/d2oc_algorithm/lib/python3.12/site-packages/d2oc_algorithm
[1.153s] copying /home/julian/WALL-E/ros2_ws/build/d2oc_algorithm/build/lib/d2oc_algorithm/d2oc_node.py -> /home/julian/WALL-E/ros2_ws/install/d2oc_algorithm/lib/python3.12/site-packages/d2oc_algorithm
[1.153s] copying /home/julian/WALL-E/ros2_ws/build/d2oc_algorithm/build/lib/d2oc_algorithm/density_map.py -> /home/julian/WALL-E/ros2_ws/install/d2oc_algorithm/lib/python3.12/site-packages/d2oc_algorithm
[1.153s] copying /home/julian/WALL-E/ros2_ws/build/d2oc_algorithm/build/lib/d2oc_algorithm/d2oc_algorithm.py -> /home/julian/WALL-E/ros2_ws/install/d2oc_algorithm/lib/python3.12/site-packages/d2oc_algorithm
[1.154s] copying /home/julian/WALL-E/ros2_ws/build/d2oc_algorithm/build/lib/d2oc_algorithm/__init__.py -> /home/julian/WALL-E/ros2_ws/install/d2oc_algorithm/lib/python3.12/site-packages/d2oc_algorithm
[1.154s] copying /home/julian/WALL-E/ros2_ws/build/d2oc_algorithm/build/lib/d2oc_algorithm/entropy_calculator.py -> /home/julian/WALL-E/ros2_ws/install/d2oc_algorithm/lib/python3.12/site-packages/d2oc_algorithm
[1.154s] byte-compiling /home/julian/WALL-E/ros2_ws/install/d2oc_algorithm/lib/python3.12/site-packages/d2oc_algorithm/d2oc_node.py to d2oc_node.cpython-312.pyc
[1.155s] byte-compiling /home/julian/WALL-E/ros2_ws/install/d2oc_algorithm/lib/python3.12/site-packages/d2oc_algorithm/density_map.py to density_map.cpython-312.pyc
[1.157s] byte-compiling /home/julian/WALL-E/ros2_ws/install/d2oc_algorithm/lib/python3.12/site-packages/d2oc_algorithm/d2oc_algorithm.py to d2oc_algorithm.cpython-312.pyc
[1.158s] byte-compiling /home/julian/WALL-E/ros2_ws/install/d2oc_algorithm/lib/python3.12/site-packages/d2oc_algorithm/__init__.py to __init__.cpython-312.pyc
[1.158s] byte-compiling /home/julian/WALL-E/ros2_ws/install/d2oc_algorithm/lib/python3.12/site-packages/d2oc_algorithm/entropy_calculator.py to entropy_calculator.cpython-312.pyc
[1.159s] running install_data
[1.160s] creating /home/julian/WALL-E/ros2_ws/install/d2oc_algorithm/share/ament_index
[1.160s] creating /home/julian/WALL-E/ros2_ws/install/d2oc_algorithm/share/ament_index/resource_index
[1.160s] creating /home/julian/WALL-E/ros2_ws/install/d2oc_algorithm/share/ament_index/resource_index/packages
[1.160s] copying resource/d2oc_algorithm -> /home/julian/WALL-E/ros2_ws/install/d2oc_algorithm/share/ament_index/resource_index/packages
[1.160s] copying package.xml -> /home/julian/WALL-E/ros2_ws/install/d2oc_algorithm/share/d2oc_algorithm
[1.160s] creating /home/julian/WALL-E/ros2_ws/install/d2oc_algorithm/share/d2oc_algorithm/launch
[1.160s] copying launch/d2oc.launch.py -> /home/julian/WALL-E/ros2_ws/install/d2oc_algorithm/share/d2oc_algorithm/launch
[1.160s] creating /home/julian/WALL-E/ros2_ws/install/d2oc_algorithm/share/d2oc_algorithm/config
[1.161s] copying config/d2oc_params.yaml -> /home/julian/WALL-E/ros2_ws/install/d2oc_algorithm/share/d2oc_algorithm/config
[1.161s] running install_egg_info
[1.180s] Copying ../../build/d2oc_algorithm/d2oc_algorithm.egg-info to /home/julian/WALL-E/ros2_ws/install/d2oc_algorithm/lib/python3.12/site-packages/d2oc_algorithm-0.1.0-py3.12.egg-info
[1.181s] running install_scripts
[1.313s] Installing d2oc script to /home/julian/WALL-E/ros2_ws/install/d2oc_algorithm/bin
[1.313s] writing list of installed files to '/home/julian/WALL-E/ros2_ws/build/d2oc_algorithm/install.log'
[1.352s] Invoked command in '/home/julian/WALL-E/ros2_ws/src/d2oc_algorithm' returned '0': DEBUGINFOD_URLS=https://debuginfod.ubuntu.com PYTHONPATH=/home/julian/WALL-E/ros2_ws/build/d2oc_algorithm/prefix_override:/usr/lib/python3/dist-packages/colcon_core/task/python/colcon_distutils_commands:/home/julian/WALL-E/ros2_ws/install/d2oc_algorithm/lib/python3.12/site-packages:${PYTHONPATH} /usr/bin/python3 -W ignore:setup.py install is deprecated -W ignore:easy_install command is deprecated setup.py egg_info --egg-base ../../build/d2oc_algorithm build --build-base /home/julian/WALL-E/ros2_ws/build/d2oc_algorithm/build install --record /home/julian/WALL-E/ros2_ws/build/d2oc_algorithm/install.log --single-version-externally-managed install_data
